node.exe : โ Warning: Next.js inferred your 
workspace root, but it may not be correct.
At line:1 char:1
+ & "C:\Program Files\nodejs/node.exe" 
"C:\Program Files\nodejs/node_mo ...
+ ~~~~~~~~~~~~~~~~~~~~~~~~~~~~~~~~~~~~~~~~~~~~
~~~~~~~~~~~~~~~~~~~~~~~~~
    + CategoryInfo          : NotSpecified: ( 
   โ Warning: Ne...not be correct.:String)   
  [], RemoteException
    + FullyQualifiedErrorId : NativeCommandEr 
   ror
 
 We detected multiple lockfiles and selected 
the directory of C:\Users\tpune\OneDrive\Deskt
op\RNRMobile\package-lock.json as the root 
directory.
 To silence this warning, set 
`turbopack.root` in your Next.js config, or 
consider removing one of the lockfiles if 
it's not needed.
   See https://nextjs.org/docs/app/api-referen
ce/config/next-config-js/turbopack#root-direct
ory for more information.
 Detected additional lockfiles: 
   * C:\Users\tpune\OneDrive\Desktop\RNRMobile
\ai-trpg-platform\package-lock.json

โ–ฒ Next.js 16.1.1 (Turbopack)
- Environments: .env.local, .env

  Creating an optimized production build ...
โ“ Compiled successfully in 3.7s
  Running TypeScript ...
Failed to compile.

./hooks/useGameSocket.ts:31:25
Type error: 'supabase' is possibly 'null'.

[0m [90m 29 |[39m         [90m// 1. 
เธชเธฃเนเธฒเธ Channel เธ•เธฒเธกเธฃเธซเธฑเธช 
Campaign[39m
 [90m 30 |[39m         [36mconst[39m 
channelName [33m=[39m 
[32m`campaign-${campaignId}`[39m
[31m[1m>[22m[39m[90m 31 |[39m         
[36mconst[39m channel [33m=[39m supabase[
33m.[39mchannel(channelName[33m,[39m {
 [90m    |[39m                         
[31m[1m^[22m[39m
 [90m 32 |[39m             
config[33m:[39m {
 [90m 33 |[39m                 
broadcast[33m:[39m { self[33m:[39m 
[36mtrue[39m }[33m,[39m [90m// 
เนเธซเนเธ•เธฑเธงเน€เธญเธเนเธ”เนเธฃเธฑเธ 
Event เธ—เธตเนเธ•เธฑเธงเน€เธญเธเธชเนเธเธ”เ
นเธงเธข (เน€เธซเธกเธทเธญเธ Pusher)[39m
 [90m 34 |[39m             }[33m,[39m[0m
Next.js build worker exited with code: 1 and 
signal: null
